 cpb   1 Playbooks   2 Sessions   3 Env sets   4 Defaults   5 Log                                                ? help
────────────────────────────────────────────────────────────────────────────────────────────────────────────────────────
 router  (launcher rt · ~/.claude-playbooks/router)
 [Overview] Env  Vars  Plugins  MCP  Skills  Status line  Model  Sessions 

  Version         -
  Source          (none)
  Login           isolated
  Env sets        proxy
  Tools           -
  Live sessions   1 · newest 2d ago in ~/DEV/app

























────────────────────────────────────────────────────────────────────────────────────────────────────────────────────────
 2 playbooks · 2 live sessions · read 0s ago
 ←→/1-9 tab  c SHOW CREATE  e export .cpb  y copy  r refresh  esc back  q quit
reads: cpb SHOW PLAYBOOK router --json · cpb SHOW SESSIONS --json