 cpb   1 Playbooks   2 Sessions   3 Env sets   4 Defaults   5 Log                                                ? help
────────────────────────────────────────────────────────────────────────────────────────────────────────────────────────
 kommander-dev  (launcher kd · ~/.claude-playbooks/kommander-dev)
  Overview  Env  Vars  Plugins  MCP  Skills [Status line] Model  Sessions 

  Command         "$HOME/.local/bin/statusmux" render
  Refresh         10 s
  History         1 (SET STATUSLINE PREVIOUS puts back the newest)
  Panels          local.clock  exec  (config, cpb)



























────────────────────────────────────────────────────────────────────────────────────────────────────────────────────────
 2 playbooks · 2 live sessions · read 0s ago
 ←→/1-9 tab  c SHOW CREATE  e export .cpb  y copy  r refresh  esc back  q quit
reads: cpb SHOW PLAYBOOK kommander-dev --json