 cpb   1 Playbooks  [2 Sessions]  3 Env sets   4 Defaults   5 Log        ? help
────────────────────────────────────────────────────────────────────────────────
  SESSION   PLAYBOOK       ACTIVE  MODEL            LIVE       TITLE (recent, i…
▸ 08c4811b  kommander-dev  54s     claude-opus-5-5  pid 47904  Open task claude…
  d0a04774  kommander-dev  4d      claude-opus-5-5  -          Cpb-env-redact-s…















────────────────────────────────────────────────────────────────────────────────
 2 playbooks · 2 live sessions · read 0s ago
 enter RESUME  R live sessions  y copy statement  / filter  r refresh  q quit
reads: cpb RESUME --list --json