 cpb   1 Playbooks  [2 Sessions]  3 Env sets   4 Defaults   5 Log        ? help
────────────────────────────────────────────────────────────────────────────────
  PLAYBOOK  PID    TTY      KIND  AGE  ACTIVE  MODEL            CWD
▸ alpha     47904  ttys039  int   9h   54s     claude-opus-5-5  ~/DEV/app
  router    43627  -        bg    2d   28m     glm-5.3          ~/DEV/app















────────────────────────────────────────────────────────────────────────────────
 2 playbooks · 2 live sessions · read 0s ago
 y copy resume  / filter  r refresh  q quit  past sessions: <launcher> --resume
reads: cpb SHOW SESSIONS --json